// Vitest Snapshot v1, https://vitest.dev/guide/snapshot.html

exports[`App > should render the page correctly 1`] = `<Home />`;
